->rgb(225,10,34)
DestroyJavaVM->rgb(222,177,40)
com.intellij.rt.execution.application.AppMain.main->rgb(243,129,34)
fuzz.testvisualvm.App$$Lambda$1/142257191.call->rgb(246,48,42)
fuzz.testvisualvm.App$SpecialResource.add->rgb(229,62,29)
fuzz.testvisualvm.App.addToResource->rgb(228,119,13)
fuzz.testvisualvm.App.lambda$run$0->rgb(207,14,37)
fuzz.testvisualvm.App.main->rgb(208,220,40)
fuzz.testvisualvm.App.run->rgb(251,99,14)
java.io.BufferedInputStream.read->rgb(113,113,191)
java.io.BufferedInputStream.read1->rgb(125,125,238)
java.io.BufferedReader.fill->rgb(209,64,48)
java.io.BufferedReader.readLine->rgb(139,139,196)
java.io.FileInputStream.read->rgb(138,138,201)
java.io.FileInputStream.readBytes->rgb(128,128,221)
java.io.InputStreamReader.read->rgb(99,99,231)
java.lang.Short$ShortCache.(clinit)->rgb(249,121,35)
java.lang.Short.(init)->rgb(254,66,8)
java.lang.Short.valueOf->rgb(210,57,48)
java.lang.Thread.run->rgb(222,222,13)
java.lang.invoke.DirectMethodHandle$Lazy.(clinit)->rgb(214,10,9)
java.lang.invoke.DirectMethodHandle.(clinit)->rgb(219,12,23)
java.lang.invoke.DirectMethodHandle.make->rgb(252,147,44)
java.lang.invoke.DirectMethodHandle.makePreparedLambdaForm->rgb(212,57,25)
java.lang.invoke.DirectMethodHandle.preparedLambdaForm->rgb(230,195,7)
java.lang.invoke.InvokerBytecodeGenerator.classFilePrologue->rgb(243,197,23)
java.lang.invoke.InvokerBytecodeGenerator.generateCustomizedCode->rgb(241,135,39)
java.lang.invoke.InvokerBytecodeGenerator.generateCustomizedCodeBytes->rgb(245,106,47)
java.lang.invoke.LambdaForm$NamedFunction.initializeInvokers->rgb(223,210,46)
java.lang.invoke.LambdaForm$NamedFunction.resolve->rgb(244,181,52)
java.lang.invoke.LambdaForm.(clinit)->rgb(240,211,9)
java.lang.invoke.LambdaForm.compileToBytecode->rgb(242,201,51)
java.lang.invoke.MethodHandleNatives.linkMethodHandleConstant->rgb(223,19,27)
java.lang.invoke.MethodHandles$Lookup.getDirectMethodCommon->rgb(220,136,25)
java.lang.invoke.MethodHandles$Lookup.getDirectMethodForConstant->rgb(252,221,26)
java.lang.invoke.MethodHandles$Lookup.getDirectMethodNoSecurityManager->rgb(220,136,8)
java.lang.invoke.MethodHandles$Lookup.linkMethodHandleConstant->rgb(236,143,26)
java.lang.reflect.Method.invoke->rgb(208,57,36)
java.util.concurrent.FutureTask.run->rgb(229,44,46)
java.util.concurrent.ThreadPoolExecutor$Worker.run->rgb(225,167,22)
java.util.concurrent.ThreadPoolExecutor.runWorker->rgb(254,67,3)
jdk.internal.org.objectweb.asm.ClassWriter.visitMethod->rgb(232,83,53)
jdk.internal.org.objectweb.asm.MethodWriter.(init)->rgb(205,134,6)
main->rgb(236,62,8)
sun.invoke.util.Wrapper.(clinit)->rgb(229,31,20)
sun.nio.cs.StreamDecoder.implRead->rgb(252,75,16)
sun.nio.cs.StreamDecoder.read->rgb(138,138,221)
sun.nio.cs.StreamDecoder.readBytes->rgb(139,139,196)
sun.reflect.DelegatingMethodAccessorImpl.invoke->rgb(206,224,45)
sun.reflect.NativeMethodAccessorImpl.invoke->rgb(251,86,10)
sun.reflect.NativeMethodAccessorImpl.invoke0->rgb(254,70,28)
task-thread->rgb(223,76,23)
